// Jest Snapshot v1, https://goo.gl/fbAQLP

exports[`Testing MotivationScreen renders correctly 1`] = `
<View
  style={
    Object {
      "backgroundColor": "#fff",
      "flex": 1,
      "flexDirection": "column",
      "justifyContent": "space-between",
    }
  }
>
  <View
    style={
      Object {
        "backgroundColor": "#fff",
        "marginHorizontal": 20,
      }
    }
  >
    <View
      style={
        Array [
          Object {
            "marginLeft": 15,
            "marginRight": 15,
          },
          undefined,
          Object {
            "marginTop": 10,
          },
          undefined,
        ]
      }
    >
      <View
        accessibilityComponentType={undefined}
        accessibilityLabel={undefined}
        accessibilityTraits={undefined}
        accessible={true}
        hasTVPreferredFocus={undefined}
        hitSlop={undefined}
        isTVSelectable={true}
        nativeID={undefined}
        onLayout={undefined}
        onResponderGrant={[Function]}
        onResponderMove={[Function]}
        onResponderRelease={[Function]}
        onResponderTerminate={[Function]}
        onResponderTerminationRequest={[Function]}
        onStartShouldSetResponder={[Function]}
        style={null}
        testID={undefined}
        tvParallaxProperties={undefined}
      >
        <View
          pointerEvents="box-only"
          style={
            Array [
              Object {
                "alignItems": "center",
                "backgroundColor": "#9E9E9E",
                "flexDirection": "row",
                "justifyContent": "center",
                "padding": 19,
              },
              undefined,
              undefined,
              undefined,
              undefined,
              undefined,
              Object {
                "backgroundColor": "#051e3e",
              },
              undefined,
              false,
              Object {
                "borderRadius": 76,
                "paddingHorizontal": 28.5,
              },
              undefined,
              undefined,
              undefined,
              undefined,
              undefined,
            ]
          }
        >
          <Text
            accessible={true}
            allowFontScaling={true}
            ellipsizeMode="tail"
            style={
              Array [
                Object {},
                undefined,
                undefined,
                undefined,
                undefined,
                undefined,
                undefined,
                undefined,
                undefined,
                undefined,
                Array [
                  Object {
                    "color": "white",
                    "fontSize": 20,
                  },
                  undefined,
                  false,
                  undefined,
                  undefined,
                  undefined,
                  undefined,
                  undefined,
                ],
              ]
            }
          >
            Add new goal
          </Text>
          <Text
            accessible={true}
            allowFontScaling={false}
            ellipsizeMode="tail"
            style={
              Array [
                Object {
                  "color": "white",
                  "fontSize": 26,
                },
                Array [
                  Object {
                    "marginLeft": 10,
                  },
                  undefined,
                ],
                Object {
                  "fontFamily": "Material Icons",
                  "fontStyle": "normal",
                  "fontWeight": "normal",
                },
              ]
            }
          >
            
          </Text>
        </View>
      </View>
    </View>
    <View
      style={
        Array [
          Object {
            "backgroundColor": "#e1e8ee",
            "height": 1,
          },
          Object {
            "backgroundColor": "#ddd",
            "marginVertical": 10,
          },
        ]
      }
    />
  </View>
  <Modal
    animationType="slide"
    hardwareAccelerated={false}
    onRequestClose={[Function]}
    style={
      Object {
        "backgroundColor": "#ffffff",
        "elevation": 20,
        "flex": 1,
        "marginHorizontal": 20,
        "marginVertical": 25,
      }
    }
    transparent={true}
    visible={false}
  >
    <View
      style={
        Object {
          "backgroundColor": "#ffffff",
          "elevation": 20,
          "flex": 1,
          "marginHorizontal": 20,
          "marginVertical": 25,
        }
      }
    >
      <Text
        accessible={true}
        allowFontScaling={true}
        ellipsizeMode="tail"
        style={
          Object {
            "alignItems": "center",
            "fontSize": 16,
            "textAlign": "center",
          }
        }
      >
        New goal
      </Text>
      <TextInput
        allowFontScaling={true}
        onChangeText={[Function]}
        placeholder="Description"
        style={
          Object {
            "borderRadius": 5,
            "fontSize": 20,
            "height": 30,
            "marginBottom": 30,
            "marginHorizontal": 30,
            "marginVertical": 20,
            "paddingBottom": 5,
            "paddingHorizontal": 5,
          }
        }
        value=""
      />
      <View
        style={
          Object {
            "flexDirection": "row",
            "height": 100,
            "justifyContent": "space-between",
            "marginHorizontal": 10,
          }
        }
      >
        <View
          style={
            Array [
              Object {
                "marginLeft": 15,
                "marginRight": 15,
              },
              undefined,
              undefined,
              undefined,
            ]
          }
        >
          <View
            accessibilityComponentType={undefined}
            accessibilityLabel={undefined}
            accessibilityTraits={undefined}
            accessible={true}
            hasTVPreferredFocus={undefined}
            hitSlop={undefined}
            isTVSelectable={true}
            nativeID={undefined}
            onLayout={undefined}
            onResponderGrant={[Function]}
            onResponderMove={[Function]}
            onResponderRelease={[Function]}
            onResponderTerminate={[Function]}
            onResponderTerminationRequest={[Function]}
            onStartShouldSetResponder={[Function]}
            style={null}
            testID={undefined}
            tvParallaxProperties={undefined}
          >
            <View
              pointerEvents="box-only"
              style={
                Array [
                  Object {
                    "alignItems": "center",
                    "backgroundColor": "#9E9E9E",
                    "flexDirection": "row",
                    "justifyContent": "center",
                    "padding": 19,
                  },
                  undefined,
                  undefined,
                  undefined,
                  undefined,
                  undefined,
                  Object {
                    "backgroundColor": "#28c828",
                  },
                  undefined,
                  Object {
                    "padding": 12,
                  },
                  Object {
                    "borderRadius": 66.5,
                    "paddingHorizontal": 18,
                  },
                  undefined,
                  undefined,
                  undefined,
                  undefined,
                  undefined,
                ]
              }
            >
              <Text
                accessible={true}
                allowFontScaling={true}
                ellipsizeMode="tail"
                style={
                  Array [
                    Object {},
                    undefined,
                    undefined,
                    undefined,
                    undefined,
                    undefined,
                    undefined,
                    undefined,
                    undefined,
                    undefined,
                    Array [
                      Object {
                        "color": "white",
                        "fontSize": 20,
                      },
                      undefined,
                      Object {
                        "fontSize": 17.5,
                      },
                      undefined,
                      undefined,
                      undefined,
                      undefined,
                      undefined,
                    ],
                  ]
                }
              >
                Create
              </Text>
            </View>
          </View>
        </View>
        <View
          style={
            Array [
              Object {
                "marginLeft": 15,
                "marginRight": 15,
              },
              undefined,
              undefined,
              undefined,
            ]
          }
        >
          <View
            accessibilityComponentType={undefined}
            accessibilityLabel={undefined}
            accessibilityTraits={undefined}
            accessible={true}
            hasTVPreferredFocus={undefined}
            hitSlop={undefined}
            isTVSelectable={true}
            nativeID={undefined}
            onLayout={undefined}
            onResponderGrant={[Function]}
            onResponderMove={[Function]}
            onResponderRelease={[Function]}
            onResponderTerminate={[Function]}
            onResponderTerminationRequest={[Function]}
            onStartShouldSetResponder={[Function]}
            style={null}
            testID={undefined}
            tvParallaxProperties={undefined}
          >
            <View
              pointerEvents="box-only"
              style={
                Array [
                  Object {
                    "alignItems": "center",
                    "backgroundColor": "#9E9E9E",
                    "flexDirection": "row",
                    "justifyContent": "center",
                    "padding": 19,
                  },
                  undefined,
                  undefined,
                  undefined,
                  undefined,
                  undefined,
                  Object {
                    "backgroundColor": "#ffc828",
                  },
                  undefined,
                  Object {
                    "padding": 12,
                  },
                  Object {
                    "borderRadius": 66.5,
                    "paddingHorizontal": 18,
                  },
                  undefined,
                  undefined,
                  undefined,
                  undefined,
                  undefined,
                ]
              }
            >
              <Text
                accessible={true}
                allowFontScaling={true}
                ellipsizeMode="tail"
                style={
                  Array [
                    Object {},
                    undefined,
                    undefined,
                    undefined,
                    undefined,
                    undefined,
                    undefined,
                    undefined,
                    undefined,
                    undefined,
                    Array [
                      Object {
                        "color": "white",
                        "fontSize": 20,
                      },
                      undefined,
                      Object {
                        "fontSize": 17.5,
                      },
                      undefined,
                      undefined,
                      undefined,
                      undefined,
                      undefined,
                    ],
                  ]
                }
              >
                Cancel
              </Text>
            </View>
          </View>
        </View>
      </View>
    </View>
  </Modal>
</View>
`;
